     1                                  ; naskfunc
     2                                  ; TAB=4
     3                                  
     4                                  ;[FORMAT "WCOFF"]				; オブジェクトファイルを作るモード ; NASMではエラーが出るのでこの行削除
     5                                  [BITS 32]						; 32ビットモード用の機械語を作らせる
     6                                  
     7                                  
     8                                  ; オブジェクトファイルのための情報
     9                                  
    10                                  ;[FILE "naskfunc.nas"]			; ソースファイル名情報 ; NASMではエラーが出るのでこの行削除
    11                                  
    12                                  		GLOBAL	io_hlt			; このプログラムに含まれる関数名;NASMではエラーが出るので修正
    13                                  		GLOBAL	io_cli,io_sti,io_stihlt	;間をあけない
    14                                  		GLOBAL	io_in8,io_in16,io_in32
    15                                  		GLOBAL	io_out8,io_out16,io_out32
    16                                  		GLOBAL	io_load_eflags,io_store_eflags
    17                                  		GLOBAL	load_gdtr,load_idtr
    18                                  
    19                                  
    20                                  
    21                                  ; 以下は実際の関数
    22                                  
    23                                  [SECTION .text]		; オブジェクトファイルではこれを書いてからプログラムを書く
    24                                  
    25                                  io_hlt:	; void io_hlt(void);	; NASMではエラーが出るので修正
    26 00000000 F4                      		HLT
    27 00000001 C3                      		RET
    28                                  
    29                                  io_cli:	; void io_cli(void);	;割り込み禁止
    30 00000002 FA                      		CLI
    31 00000003 C3                      		RET
    32                                  
    33                                  io_sti:	; void io_sti(void);	;割り込み許可
    34 00000004 FB                      		STI
    35 00000005 F4                      		HLT
    36 00000006 C3                      		RET
    37                                  
    38                                  io_in8: ; int io_in8(int port);
    39 00000007 8B542404                		MOV		EDX,[ESP+4]		;port
    40 0000000B B800000000              		MOV 	EAX,0
    41 00000010 EC                      		IN 		AL,DX
    42 00000011 C3                      		RET
    43                                  
    44                                  io_in16: ; int io_in16(int port);
    45 00000012 8B542404                		MOV		EDX,[ESP+4]		;port
    46 00000016 B800000000              		MOV 	EAX,0
    47 0000001B EC                      		IN 		AL,DX
    48 0000001C C3                      		RET
    49                                  
    50                                  io_in32: ; int io_in32(int port);
    51 0000001D 8B542404                		MOV		EDX,[ESP+4]		;port
    52 00000021 EC                      		IN 		AL,DX
    53 00000022 C3                      		RET
    54                                  
    55                                  io_out8: ; void io_out8(int port, int data);
    56 00000023 8B542404                		MOV		EDX,[ESP+4] 	;port
    57 00000027 8A442408                		MOV		AL,[ESP+8]		;data
    58 0000002B EE                      		OUT		DX,AL
    59 0000002C C3                      		RET
    60                                  
    61                                  io_out16: ; void io_out16(int port, int data);
    62 0000002D 8B542404                		MOV 	EDX,[ESP+4]		;port
    63 00000031 8B442408                		MOV 	EAX,[ESP+8]		;data
    64 00000035 66EF                    		OUT		DX,AX
    65 00000037 C3                      		RET
    66                                  
    67                                  io_out32: ; void io_out32(int port, int data);
    68 00000038 8B542404                		MOV		EDX,[ESP+4]
    69 0000003C 8B442408                		MOV		EAX,[ESP+8]
    70 00000040 EF                      		OUT		DX,EAX
    71 00000041 C3                      		RET
    72                                  
    73                                  io_load_eflags: ; int io_load_eflags(void);
    74 00000042 9C                      		PUSHFD					; PUSH EFLAGS
    75 00000043 58                      		POP		EAX
    76 00000044 C3                      		RET
    77                                  
    78                                  io_store_eflags: ; void io_store_eflags(int eflags);
    79 00000045 8B442404                		MOV		EAX,[ESP+4]
    80 00000049 50                      		PUSH	EAX
    81 0000004A 9D                      		POPFD					;POP EFLAGSという意味
    82 0000004B C3                      		RET
    83                                  
    84                                  load_gdtr:		; void load_gdtr(int limit, int addr);
    85 0000004C 668B442404              		MOV		AX,[ESP+4]		; limit
    86 00000051 6689442406              		MOV		[ESP+6],AX
    87 00000056 0F01542406              		LGDT	[ESP+6]
    88 0000005B C3                      		RET
    89                                  
    90                                  load_idtr:		; void load_idtr(int limit, int addr);
    91 0000005C 668B442404              		MOV		AX,[ESP+4]		; limit
    92 00000061 6689442406              		MOV		[ESP+6],AX
    93 00000066 0F015C2406              		LIDT	[ESP+6]
    94 0000006B C3                      		RET
