     1                                  ; naskfunc
     2                                  ; TAB=4
     3                                  
     4                                  ;[FORMAT "WCOFF"]				; オブジェクトファイルを作るモード ; NASMではエラーが出るのでこの行削除
     5                                  [BITS 32]						; 32ビットモード用の機械語を作らせる
     6                                  
     7                                  
     8                                  ; オブジェクトファイルのための情報
     9                                  
    10                                  ;[FILE "naskfunc.nas"]			; ソースファイル名情報 ; NASMではエラーが出るのでこの行削除
    11                                  
    12                                  		GLOBAL	io_hlt,write_mem8		; このプログラムに含まれる関数名;NASMではエラーが出るので修正
    13                                  
    14                                  
    15                                  ; 以下は実際の関数
    16                                  
    17                                  [SECTION .text]		; オブジェクトファイルではこれを書いてからプログラムを書く
    18                                  
    19                                  io_hlt:	; void io_hlt(void);	; NASMではエラーが出るので修正
    20 00000000 F4                      		HLT
    21 00000001 C3                      		RET
    22                                  
    23                                  write_mem8:	; void write_mem8(int addr, int data);
    24 00000002 8B4C2404                		MOV		ECX,[ESP+4]		;[ESP+4]にaddrが入っているのでそれをECXに、読み込む
    25 00000006 8A442408                		MOV 	AL,[ESP+8]		;[ESP+8]にdataが入っているのでそれをALに読み込む
    26 0000000A 8801                    		MOV		[ECX],AL
    27 0000000C C3                      		RET
