     1                                  ; naskfunc
     2                                  ; TAB=4
     3                                  
     4                                  ;[FORMAT "WCOFF"]				; オブジェクトファイルを作るモード ; NASMではエラーが出るのでこの行削除
     5                                  [BITS 32]						; 32ビットモード用の機械語を作らせる
     6                                  
     7                                  
     8                                  ; オブジェクトファイルのための情報
     9                                  
    10                                  ;[FILE "naskfunc.nas"]			; ソースファイル名情報 ; NASMではエラーが出るのでこの行削除
    11                                  
    12                                  		GLOBAL	io_hlt			; このプログラムに含まれる関数名;NASMではエラーが出るので修正
    13                                  		GLOBAL	io_cli,io_sti,io_stihlt	;間をあけない
    14                                  		GLOBAL	io_in8,io_in16,io_in32
    15                                  		GLOBAL	io_out8,io_out16,io_out32
    16                                  		GLOBAL	io_load_eflags,io_store_eflags
    17                                  
    18                                  
    19                                  
    20                                  ; 以下は実際の関数
    21                                  
    22                                  [SECTION .text]		; オブジェクトファイルではこれを書いてからプログラムを書く
    23                                  
    24                                  io_hlt:	; void io_hlt(void);	; NASMではエラーが出るので修正
    25 00000000 F4                      		HLT
    26 00000001 C3                      		RET
    27                                  
    28                                  io_cli:	; void io_cli(void);	;割り込み禁止
    29 00000002 FA                      		CLI
    30 00000003 C3                      		RET
    31                                  
    32                                  io_sti:	; void io_sti(void);	;割り込み許可
    33 00000004 FB                      		STI
    34 00000005 F4                      		HLT
    35 00000006 C3                      		RET
    36                                  
    37                                  io_in8: ; int io_in8(int port);
    38 00000007 8B542404                		MOV		EDX,[ESP+4]		;port
    39 0000000B B800000000              		MOV 	EAX,0
    40 00000010 EC                      		IN 		AL,DX
    41 00000011 C3                      		RET
    42                                  
    43                                  io_in16: ; int io_in16(int port);
    44 00000012 8B542404                		MOV		EDX,[ESP+4]		;port
    45 00000016 B800000000              		MOV 	EAX,0
    46 0000001B EC                      		IN 		AL,DX
    47 0000001C C3                      		RET
    48                                  
    49                                  io_in32: ; int io_in32(int port);
    50 0000001D 8B542404                		MOV		EDX,[ESP+4]		;port
    51 00000021 EC                      		IN 		AL,DX
    52 00000022 C3                      		RET
    53                                  
    54                                  io_out8: ; void io_out8(int port, int data);
    55 00000023 8B542404                		MOV		EDX,[ESP+4] 	;port
    56 00000027 8A442408                		MOV		AL,[ESP+8]		;data
    57 0000002B EE                      		OUT		DX,AL
    58 0000002C C3                      		RET
    59                                  
    60                                  io_out16: ; void io_out16(int port, int data);
    61 0000002D 8B542404                		MOV 	EDX,[ESP+4]		;port
    62 00000031 8B442408                		MOV 	EAX,[ESP+8]		;data
    63 00000035 66EF                    		OUT		DX,AX
    64 00000037 C3                      		RET
    65                                  
    66                                  io_out32: ; void io_out32(int port, int data);
    67 00000038 8B542404                		MOV		EDX,[ESP+4]
    68 0000003C 8B442408                		MOV		EAX,[ESP+8]
    69 00000040 EF                      		OUT		DX,EAX
    70 00000041 C3                      		RET
    71                                  
    72                                  io_load_eflags: ; int io_load_eflags(void);
    73 00000042 9C                      		PUSHFD					; PUSH EFLAGS
    74 00000043 58                      		POP		EAX
    75 00000044 C3                      		RET
    76                                  
    77                                  io_store_eflags: ; void io_store_eflags(int eflags);
    78 00000045 8B442404                		MOV		EAX,[ESP+4]
    79 00000049 50                      		PUSH	EAX
    80 0000004A 9D                      		POPFD					;POP EFLAGSという意味
    81 0000004B C3                      		RET
